Microchip MPLAB XC8 Compiler V3.00

Linker command line:

-W-3 \
  --edf=C:\Program Files\Microchip\xc8\v3.00\pic\dat\20241204225717_en.msgs \
  -cn -h+dist/default/production\PhaseA.X.production.sym \
  --cmf=dist/default/production\PhaseA.X.production.cmf -z -Q18F4321 \
  -oC:\Users\waven\AppData\Local\Temp\xcAs1064.\driver_tmp_3.o \
  --defsym=__MPLAB_BUILD=1 --fixupoverflow=error \
  -Mdist/default/production/PhaseA.X.production.map \
  --md=C:\Users\waven\AppData\Local\Temp\xcAs1064.\driver_tmp_0.dat -E1 \
  -ver=XC8 Compiler -ACODE=00h-01FFFh -ACONST=00h-01FFFh \
  -ASMALLCONST=0200h-02FFhx30 -AMEDIUMCONST=0200h-01FFFh -ACOMRAM=01h-07Fh \
  -AABS1=00h-01FFh -ABIGRAM=01h-01FFh -ARAM=080h-0FFh,0100h-01FFh \
  -ABANK0=080h-0FFh -ABANK1=0100h-01FFh -ASFR=0F80h-0FFFh \
  -ABIGSFR=0F80h-0FFFh -ACONFIG=0300000h-030000Dh -AIDLOC=0200000h-0200007h \
  -AEEDATA=0F00000h-0F000FFh -peeprom_data=EEDATA \
  -preset_vec=00h,intcode=8h,intcodelo=18h,sivt_lo,sivt_hi=CODE \
  -ppowerup=CODE,init -pramtop=0200h -psmallconst=SMALLCONST \
  -pmediumconst=MEDIUMCONST -pconst=CONST -AFARRAM=00h-00h \
  -prdata=COMRAM,nvrram=COMRAM,nvbit=COMRAM,rbss=COMRAM,rbit=COMRAM \
  -pfarbss=FARRAM,fardata=FARRAM,nvFARRAM=FARRAM \
  -pintsave_regs=BIGRAM,bigbss=BIGRAM,bigdata=BIGRAM -pbss=RAM \
  -pidata=CODE,irdata=CODE,ibigdata=CODE,ifardata=CODE -prparam=COMRAM \
  C:\Users\waven\AppData\Local\Temp\xcAs1064.\driver_tmp_9.o \
  dist/default/production\PhaseA.X.production.o 

Object code version is 3.11

Machine type is 18F4321



                Name                               Link     Load   Length Selector   Space Scale
C:\Users\waven\AppData\Local\Temp\xcAs1064.\driver_tmp_9.o
                idloc                            200000   200000        8        0       5
                config                           300000   300000        E        0       4
                init                                 1E       1E        4        4       0
                reset_vec                             0        0        4        0       0
dist/default/production\PhaseA.X.production.o
                intcode                               8        8       16        4       0
                idloc                            200000   200000        8        0       5
                config                           300000   300000        E        0       4
                temp                                 33       33        1        1       1
                smallconst                          200      200        2      100       0
                text6                               380      380        8      101       0
                text5                               292      292       44      101       0
                text4                               310      310       34      101       0
                text3                               202      202       90      101       0
                text2                               388      388        4      101       0
                text1                               376      376        A      101       0
                text0                               344      344       1E      101       0
                cstackCOMRAM                         32       32        1        1       1
                dataCOMRAM                           1E       1E       14        1       1
                bssCOMRAM                             1        1       1D        1       1
                cinit                               2D6      2D6       3A      101       0
                idataCOMRAM                         362      362       14      101       0

TOTAL           Name                               Link     Load   Length     Space
        CLASS   CODE           
                intcode                               8        8       16         0
                init                                 1E       1E        4         0
                reset_vec                             0        0        4         0
                text6                               380      380        8         0
                text5                               292      292       44         0
                text4                               310      310       34         0
                text3                               202      202       90         0
                text2                               388      388        4         0
                text1                               376      376        A         0
                text0                               344      344       1E         0
                cinit                               2D6      2D6       3A         0
                idataCOMRAM                         362      362       14         0

        CLASS   CONST          

        CLASS   SMALLCONST     
                smallconst                          200      200        2         0

        CLASS   MEDIUMCONST    

        CLASS   COMRAM         
                temp                                 33       33        1         1
                cstackCOMRAM                         32       32        1         1
                dataCOMRAM                           1E       1E       14         1
                bssCOMRAM                             1        1       1D         1

        CLASS   ABS1           

        CLASS   BIGRAM         

        CLASS   RAM            

        CLASS   BANK0          

        CLASS   BANK1          

        CLASS   SFR            

        CLASS   BIGSFR         

        CLASS   CONFIG         
                config                           300000   300000        E         4

        CLASS   IDLOC          
                idloc                            200000   200000        8         5

        CLASS   EEDATA         

        CLASS   FARRAM         

        CLASS   HEAP           

        CLASS   STACK          



SEGMENTS        Name                           Load    Length   Top    Selector   Space  Class

                reset_vec                      000000  000004  000004         0       0  CODE    
                bssCOMRAM                      000001  000033  000034         1       1  COMRAM  
                intcode                        000008  00001A  000022         4       0  CODE    
                smallconst                     000200  000002  000202       100       0  SMALLCON
                text3                          000202  00018A  00038C       101       0  CODE    


UNUSED ADDRESS RANGES

        Name                Unused          Largest block    Delta
        BANK0            000080-0000FF               80
        BANK1            000100-0001FF              100
        BIGRAM           000034-0001FF              1CC
        BIGSFR           000F80-000FFF               80
        CODE             000004-000007                4
                         000022-0001FF              1DE
                         00038C-001FFF             1C74
        COMRAM           000034-00007F               4C
        CONST            000004-000007                4
                         000022-0001FF              1DE
                         00038C-001FFF             1C74
        EEDATA           F00000-F000FF              100
        MEDIUMCONST      00038C-001FFF             1C74
        RAM              000080-0001FF               80
        SFR              000F80-000FFF               80
        SMALLCONST       00038C-001FFF              100

                                  Symbol Table

MainControllerMotor@state    bssCOMRAM    00001D
TI_Init@counter              cstackCOMRAM 000032
_INTCONbits                  (abs)        000FF2
_LATAbits                    (abs)        000F89
_MainControllerMotor         text5        000292
_MyISR                       intcode      000008
_RCONbits                    (abs)        000FD0
_T0CON                       (abs)        000FD5
_TI_Init                     text4        000310
_TMR0                        (abs)        000FD6
_TMR0IF                      (abs)        007F92
_TRISAbits                   (abs)        000F92
_TRISCbits                   (abs)        000F94
_TXREG                       (abs)        000FAD
_TXSTAbits                   (abs)        000FAC
_Tics                        bssCOMRAM    000015
_Timers                      bssCOMRAM    000001
__HRAM                       (abs)        000000
__H__absolute__              __absolute__ 000000
__Habs1                      abs1         000000
__Hbank0                     bank0        000000
__Hbank1                     bank1        000000
__Hbigbss                    bigbss       000000
__Hbigdata                   bigdata      000000
__Hbigram                    bigram       000000
__Hbigsfr                    bigsfr       000000
__Hbss                       bss          000000
__HbssCOMRAM                 bssCOMRAM    000000
__Hcinit                     cinit        000000
__Hclrtext                   clrtext      000000
__Hcomram                    comram       000000
__Hconfig                    config       30000E
__Hconst                     const        000000
__HcstackCOMRAM              cstackCOMRAM 000000
__Hdata                      data         000000
__HdataCOMRAM                dataCOMRAM   000000
__Heeprom_data               eeprom_data  000000
__Hfarbss                    farbss       000000
__Hfardata                   fardata      000000
__Hheap                      heap         000000
__Hibigdata                  ibigdata     000000
__Hidata                     idata        000000
__HidataCOMRAM               idataCOMRAM  000000
__Hidloc                     idloc        200008
__Hifardata                  ifardata     000000
__Hinit                      init         000022
__Hintcode                   intcode      00001E
__Hintcode_body              intcode_body 000000
__Hintcodelo                 intcodelo    000018
__Hintentry                  intentry     000000
__Hintret                    intret       000000
__Hintsave_regs              intsave_regs 000000
__Hirdata                    irdata       000000
__Hmediumconst               mediumconst  000000
__HnvFARRAM                  nvFARRAM     000000
__Hnvbit                     nvbit        000000
__Hnvrram                    nvrram       000000
__Hparam                     rparam       000000
__Hpowerup                   powerup      000000
__Hram                       ram          000000
__Hramtop                    ramtop       000200
__Hrbit                      rbit         000000
__Hrbss                      rbss         000000
__Hrdata                     rdata        000000
__Hreset_vec                 reset_vec    000004
__Hrparam                    rparam       000000
__Hsfr                       sfr          000000
__Hsivt_hi                   sivt_hi      000000
__Hsivt_lo                   sivt_lo      000018
__Hsmallconst                smallconst   000202
__Hspace_0                   (abs)        00038C
__Hspace_1                   (abs)        000034
__Hspace_2                   (abs)        000000
__Hspace_4                   (abs)        60000E
__Hstack                     stack        000000
__Hstruct                    struct       000000
__Htemp                      temp         000034
__Htext                      text         000000
__Htext0                     text0        000000
__Htext1                     text1        000000
__Htext2                     text2        000000
__Htext3                     text3        000000
__Htext4                     text4        000000
__Htext5                     text5        000000
__Htext6                     text6        000000
__LRAM                       (abs)        000001
__L__absolute__              __absolute__ 000000
__Labs1                      abs1         000000
__Lbank0                     bank0        000000
__Lbank1                     bank1        000000
__Lbigbss                    bigbss       000000
__Lbigdata                   bigdata      000000
__Lbigram                    bigram       000000
__Lbigsfr                    bigsfr       000000
__Lbss                       bss          000000
__LbssCOMRAM                 bssCOMRAM    000000
__Lcinit                     cinit        000000
__Lclrtext                   clrtext      000000
__Lcomram                    comram       000000
__Lconfig                    config       000000
__Lconst                     const        000000
__LcstackCOMRAM              cstackCOMRAM 000000
__Ldata                      data         000000
__LdataCOMRAM                dataCOMRAM   000000
__Leeprom_data               eeprom_data  000000
__Lfarbss                    farbss       000000
__Lfardata                   fardata      000000
__Lheap                      heap         000000
__Libigdata                  ibigdata     000000
__Lidata                     idata        000000
__LidataCOMRAM               idataCOMRAM  000000
__Lidloc                     idloc        000000
__Lifardata                  ifardata     000000
__Linit                      init         00001E
__Lintcode                   intcode      000008
__Lintcode_body              intcode_body 000000
__Lintcodelo                 intcodelo    000018
__Lintentry                  intentry     000000
__Lintret                    intret       000000
__Lintsave_regs              intsave_regs 000000
__Lirdata                    irdata       000000
__Lmediumconst               mediumconst  000000
__LnvFARRAM                  nvFARRAM     000000
__Lnvbit                     nvbit        000000
__Lnvrram                    nvrram       000000
__Lparam                     rparam       000000
__Lpowerup                   powerup      000000
__Lram                       ram          000000
__Lramtop                    ramtop       000200
__Lrbit                      rbit         000000
__Lrbss                      rbss         000000
__Lrdata                     rdata        000000
__Lreset_vec                 reset_vec    000000
__Lrparam                    rparam       000000
__Lsfr                       sfr          000000
__Lsivt_hi                   sivt_hi      000000
__Lsivt_lo                   sivt_lo      000018
__Lsmallconst                smallconst   000200
__Lspace_0                   (abs)        000000
__Lspace_1                   (abs)        000000
__Lspace_2                   (abs)        000000
__Lspace_4                   (abs)        000000
__Lstack                     stack        000000
__Lstruct                    struct       000000
__Ltemp                      temp         000033
__Ltext                      text         000000
__Ltext0                     text0        000000
__Ltext1                     text1        000000
__Ltext2                     text2        000000
__Ltext3                     text3        000000
__Ltext4                     text4        000000
__Ltext5                     text5        000000
__Ltext6                     text6        000000
__S0                         (abs)        00038C
__S1                         (abs)        000034
__S4                         (abs)        000000
__S5                         (abs)        000000
___heap_hi                   (abs)        000000
___heap_lo                   (abs)        000000
___inthi_sp                  stack        000000
___inthi_stack_hi            stack        000000
___inthi_stack_lo            stack        000000
___intlo_sp                  stack        000000
___intlo_stack_hi            stack        000000
___intlo_stack_lo            stack        000000
___param_bank                (abs)        000000
___rparam_used               (abs)        000001
___sp                        stack        000000
___stack_hi                  stack        000000
___stack_lo                  stack        000000
__accesstop                  (abs)        000080
__activetblptr               (abs)        000002
__end_of_MainControllerMotor text5        0002D6
__end_of_MyISR               intcode      00001E
__end_of_TI_Init             text4        000344
__end_of__initialization     cinit        000302
__end_of_eusartMotor         text3        000292
__end_of_initInterrupts      text2        00038C
__end_of_initPorts           text1        000380
__end_of_main                text0        000362
__end_of_newMessageSent      text6        000388
__initialization             cinit        0002D6
__mediumconst                smallconst   000200
__pbssCOMRAM                 bssCOMRAM    000001
__pcinit                     cinit        0002D6
__pcstackCOMRAM              cstackCOMRAM 000032
__pdataCOMRAM                dataCOMRAM   00001E
__pidataCOMRAM               idataCOMRAM  000362
__pintcode                   intcode      000008
__psmallconst                smallconst   000200
__ptext0                     text0        000344
__ptext1                     text1        000376
__ptext2                     text2        000388
__ptext3                     text3        000202
__ptext4                     text4        000310
__ptext5                     text5        000292
__ptext6                     text6        000380
__ramtop                     ramtop       000200
__smallconst                 smallconst   000200
_confirmedEnablers           bssCOMRAM    00001B
_enablers                    bssCOMRAM    00001C
_eusartMotor                 text3        000202
_initInterrupts              text2        000388
_initPorts                   text1        000376
_main                        text0        000344
_newDayMessage               dataCOMRAM   00001E
_newMessageSent              text6        000380
btemp                        temp         000033
end_of_initialization        cinit        000302
eusartMotor@messageIndex     bssCOMRAM    000019
eusartMotor@state            bssCOMRAM    00001A
int$flags                    temp         000033
intlevel0                    text         000000
intlevel1                    text         000000
intlevel2                    text         000000
intlevel3                    text         000000
isa$std                      (abs)        000001
isa$xinst                    (abs)        000000
stackhi                      (abs)        000000
stacklo                      (abs)        000000
start                        init         00001E
start_initialization         cinit        0002D6
ttemp5                       temp         000034
ttemp6                       temp         000037
ttemp7                       temp         00003B
wtemp8                       temp         000034


MODULE INFORMATION

Module		Function		Class		Link	Load	Size
ADT_EUSART.c
		_eusartMotor   		CODE           	0202	0000	144
		_newMessageSent		CODE           	0380	0000	8

ADT_EUSART.c estimated size: 152

shared
		__initialization		CODE           	02D6	0000	44

shared estimated size: 44

ADT_TIMER.c
		_TI_Init       		CODE           	0310	0000	52

ADT_TIMER.c estimated size: 52

MAIN_CONTROLLER_ADT.c
		_MainControllerMotor		CODE           	0292	0000	68

MAIN_CONTROLLER_ADT.c estimated size: 68

main.c
		_main          		CODE           	0344	0000	30
		_initPorts     		CODE           	0376	0000	10
		_initInterrupts		CODE           	0388	0000	4
		_MyISR         		CODE           	0008	0000	22

main.c estimated size: 66

